2026-08-05 01:35:36,133 | ERROR | MainProcess:12216 | uvicorn.error | Exception in ASGI application
Traceback (most recent call last):
  File "C:\Users\xlooo\AppData\Local\Programs\Python\Python311\Lib\site-packages\uvicorn\protocols\http\httptools_impl.py", line 409, in run_asgi
    result = await app(  # type: ignore[func-returns-value]
             ^^^^^^^^^^^^^^^^^^^^^^^^^^^^^^^^^^^^^^^^^^^^^^
  File "C:\Users\xlooo\AppData\Local\Programs\Python\Python311\Lib\site-packages\uvicorn\middleware\proxy_headers.py", line 60, in __call__
    return await self.app(scope, receive, send)
           ^^^^^^^^^^^^^^^^^^^^^^^^^^^^^^^^^^^^
  File "C:\Users\xlooo\AppData\Local\Programs\Python\Python311\Lib\site-packages\fastapi\applications.py", line 1159, in __call__
    await super().__call__(scope, receive, send)
  File "C:\Users\xlooo\AppData\Local\Programs\Python\Python311\Lib\site-packages\starlette\applications.py", line 113, in __call__
    await self.middleware_stack(scope, receive, send)
  File "C:\Users\xlooo\AppData\Local\Programs\Python\Python311\Lib\site-packages\starlette\middleware\errors.py", line 186, in __call__
    raise exc
  File "C:\Users\xlooo\AppData\Local\Programs\Python\Python311\Lib\site-packages\starlette\middleware\errors.py", line 164, in __call__
    await self.app(scope, receive, _send)
  File "C:\Users\xlooo\AppData\Local\Programs\Python\Python311\Lib\site-packages\starlette\middleware\exceptions.py", line 63, in __call__
    await wrap_app_handling_exceptions(self.app, conn)(scope, receive, send)
  File "C:\Users\xlooo\AppData\Local\Programs\Python\Python311\Lib\site-packages\starlette\_exception_handler.py", line 53, in wrapped_app
    raise exc
  File "C:\Users\xlooo\AppData\Local\Programs\Python\Python311\Lib\site-packages\starlette\_exception_handler.py", line 42, in wrapped_app
    await app(scope, receive, sender)
  File "C:\Users\xlooo\AppData\Local\Programs\Python\Python311\Lib\site-packages\fastapi\middleware\asyncexitstack.py", line 18, in __call__
    await self.app(scope, receive, send)
  File "C:\Users\xlooo\AppData\Local\Programs\Python\Python311\Lib\site-packages\starlette\routing.py", line 716, in __call__
    await self.middleware_stack(scope, receive, send)
  File "C:\Users\xlooo\AppData\Local\Programs\Python\Python311\Lib\site-packages\starlette\routing.py", line 736, in app
    await route.handle(scope, receive, send)
  File "C:\Users\xlooo\AppData\Local\Programs\Python\Python311\Lib\site-packages\starlette\routing.py", line 290, in handle
    await self.app(scope, receive, send)
  File "C:\Users\xlooo\AppData\Local\Programs\Python\Python311\Lib\site-packages\fastapi\routing.py", line 134, in app
    await wrap_app_handling_exceptions(app, request)(scope, receive, send)
  File "C:\Users\xlooo\AppData\Local\Programs\Python\Python311\Lib\site-packages\starlette\_exception_handler.py", line 53, in wrapped_app
    raise exc
  File "C:\Users\xlooo\AppData\Local\Programs\Python\Python311\Lib\site-packages\starlette\_exception_handler.py", line 42, in wrapped_app
    await app(scope, receive, sender)
  File "C:\Users\xlooo\AppData\Local\Programs\Python\Python311\Lib\site-packages\fastapi\routing.py", line 120, in app
    response = await f(request)
               ^^^^^^^^^^^^^^^^
  File "C:\Users\xlooo\AppData\Local\Programs\Python\Python311\Lib\site-packages\fastapi\routing.py", line 674, in app
    raw_response = await run_endpoint_function(
                   ^^^^^^^^^^^^^^^^^^^^^^^^^^^^
  File "C:\Users\xlooo\AppData\Local\Programs\Python\Python311\Lib\site-packages\fastapi\routing.py", line 328, in run_endpoint_function
    return await dependant.call(**values)
           ^^^^^^^^^^^^^^^^^^^^^^^^^^^^^^
  File "c:\Users\xlooo\OneDrive\Desktop\face_recognition_Python\simple_camera\api\attendance.py", line 21, in list_attendance
    etsAuth=ets_auth,
             ^^^^^^^^
TypeError: AttendanceService.list_attendance() got an unexpected keyword argument 'tenant_id'
2026-08-05 01:37:11,074 | ERROR | MainProcess:12216 | uvicorn.error | Exception in ASGI application
Traceback (most recent call last):
  File "C:\Users\xlooo\AppData\Local\Programs\Python\Python311\Lib\site-packages\uvicorn\protocols\http\httptools_impl.py", line 409, in run_asgi
    result = await app(  # type: ignore[func-returns-value]
             ^^^^^^^^^^^^^^^^^^^^^^^^^^^^^^^^^^^^^^^^^^^^^^
  File "C:\Users\xlooo\AppData\Local\Programs\Python\Python311\Lib\site-packages\uvicorn\middleware\proxy_headers.py", line 60, in __call__
    return await self.app(scope, receive, send)
           ^^^^^^^^^^^^^^^^^^^^^^^^^^^^^^^^^^^^
  File "C:\Users\xlooo\AppData\Local\Programs\Python\Python311\Lib\site-packages\fastapi\applications.py", line 1159, in __call__
    await super().__call__(scope, receive, send)
  File "C:\Users\xlooo\AppData\Local\Programs\Python\Python311\Lib\site-packages\starlette\applications.py", line 113, in __call__
    await self.middleware_stack(scope, receive, send)
  File "C:\Users\xlooo\AppData\Local\Programs\Python\Python311\Lib\site-packages\starlette\middleware\errors.py", line 186, in __call__
    raise exc
  File "C:\Users\xlooo\AppData\Local\Programs\Python\Python311\Lib\site-packages\starlette\middleware\errors.py", line 164, in __call__
    await self.app(scope, receive, _send)
  File "C:\Users\xlooo\AppData\Local\Programs\Python\Python311\Lib\site-packages\starlette\middleware\exceptions.py", line 63, in __call__
    await wrap_app_handling_exceptions(self.app, conn)(scope, receive, send)
  File "C:\Users\xlooo\AppData\Local\Programs\Python\Python311\Lib\site-packages\starlette\_exception_handler.py", line 53, in wrapped_app
    raise exc
  File "C:\Users\xlooo\AppData\Local\Programs\Python\Python311\Lib\site-packages\starlette\_exception_handler.py", line 42, in wrapped_app
    await app(scope, receive, sender)
  File "C:\Users\xlooo\AppData\Local\Programs\Python\Python311\Lib\site-packages\fastapi\middleware\asyncexitstack.py", line 18, in __call__
    await self.app(scope, receive, send)
  File "C:\Users\xlooo\AppData\Local\Programs\Python\Python311\Lib\site-packages\starlette\routing.py", line 716, in __call__
    await self.middleware_stack(scope, receive, send)
  File "C:\Users\xlooo\AppData\Local\Programs\Python\Python311\Lib\site-packages\starlette\routing.py", line 736, in app
    await route.handle(scope, receive, send)
  File "C:\Users\xlooo\AppData\Local\Programs\Python\Python311\Lib\site-packages\starlette\routing.py", line 290, in handle
    await self.app(scope, receive, send)
  File "C:\Users\xlooo\AppData\Local\Programs\Python\Python311\Lib\site-packages\fastapi\routing.py", line 134, in app
    await wrap_app_handling_exceptions(app, request)(scope, receive, send)
  File "C:\Users\xlooo\AppData\Local\Programs\Python\Python311\Lib\site-packages\starlette\_exception_handler.py", line 53, in wrapped_app
    raise exc
  File "C:\Users\xlooo\AppData\Local\Programs\Python\Python311\Lib\site-packages\starlette\_exception_handler.py", line 42, in wrapped_app
    await app(scope, receive, sender)
  File "C:\Users\xlooo\AppData\Local\Programs\Python\Python311\Lib\site-packages\fastapi\routing.py", line 120, in app
    response = await f(request)
               ^^^^^^^^^^^^^^^^
  File "C:\Users\xlooo\AppData\Local\Programs\Python\Python311\Lib\site-packages\fastapi\routing.py", line 674, in app
    raw_response = await run_endpoint_function(
                   ^^^^^^^^^^^^^^^^^^^^^^^^^^^^
  File "C:\Users\xlooo\AppData\Local\Programs\Python\Python311\Lib\site-packages\fastapi\routing.py", line 328, in run_endpoint_function
    return await dependant.call(**values)
           ^^^^^^^^^^^^^^^^^^^^^^^^^^^^^^
  File "c:\Users\xlooo\OneDrive\Desktop\face_recognition_Python\simple_camera\api\attendance.py", line 21, in list_attendance
    etsAuth=ets_auth,
             ^^^^^^^^
TypeError: AttendanceService.list_attendance() got an unexpected keyword argument 'tenant_id'
2026-08-05 01:37:34,488 | ERROR | MainProcess:41868 | uvicorn.error | Exception in ASGI application
Traceback (most recent call last):
  File "C:\Users\xlooo\AppData\Local\Programs\Python\Python311\Lib\site-packages\uvicorn\protocols\http\httptools_impl.py", line 409, in run_asgi
    result = await app(  # type: ignore[func-returns-value]
             ^^^^^^^^^^^^^^^^^^^^^^^^^^^^^^^^^^^^^^^^^^^^^^
  File "C:\Users\xlooo\AppData\Local\Programs\Python\Python311\Lib\site-packages\uvicorn\middleware\proxy_headers.py", line 60, in __call__
    return await self.app(scope, receive, send)
           ^^^^^^^^^^^^^^^^^^^^^^^^^^^^^^^^^^^^
  File "C:\Users\xlooo\AppData\Local\Programs\Python\Python311\Lib\site-packages\fastapi\applications.py", line 1159, in __call__
    await super().__call__(scope, receive, send)
  File "C:\Users\xlooo\AppData\Local\Programs\Python\Python311\Lib\site-packages\starlette\applications.py", line 113, in __call__
    await self.middleware_stack(scope, receive, send)
  File "C:\Users\xlooo\AppData\Local\Programs\Python\Python311\Lib\site-packages\starlette\middleware\errors.py", line 186, in __call__
    raise exc
  File "C:\Users\xlooo\AppData\Local\Programs\Python\Python311\Lib\site-packages\starlette\middleware\errors.py", line 164, in __call__
    await self.app(scope, receive, _send)
  File "C:\Users\xlooo\AppData\Local\Programs\Python\Python311\Lib\site-packages\starlette\middleware\exceptions.py", line 63, in __call__
    await wrap_app_handling_exceptions(self.app, conn)(scope, receive, send)
  File "C:\Users\xlooo\AppData\Local\Programs\Python\Python311\Lib\site-packages\starlette\_exception_handler.py", line 53, in wrapped_app
    raise exc
  File "C:\Users\xlooo\AppData\Local\Programs\Python\Python311\Lib\site-packages\starlette\_exception_handler.py", line 42, in wrapped_app
    await app(scope, receive, sender)
  File "C:\Users\xlooo\AppData\Local\Programs\Python\Python311\Lib\site-packages\fastapi\middleware\asyncexitstack.py", line 18, in __call__
    await self.app(scope, receive, send)
  File "C:\Users\xlooo\AppData\Local\Programs\Python\Python311\Lib\site-packages\starlette\routing.py", line 716, in __call__
    await self.middleware_stack(scope, receive, send)
  File "C:\Users\xlooo\AppData\Local\Programs\Python\Python311\Lib\site-packages\starlette\routing.py", line 736, in app
    await route.handle(scope, receive, send)
  File "C:\Users\xlooo\AppData\Local\Programs\Python\Python311\Lib\site-packages\starlette\routing.py", line 290, in handle
    await self.app(scope, receive, send)
  File "C:\Users\xlooo\AppData\Local\Programs\Python\Python311\Lib\site-packages\fastapi\routing.py", line 134, in app
    await wrap_app_handling_exceptions(app, request)(scope, receive, send)
  File "C:\Users\xlooo\AppData\Local\Programs\Python\Python311\Lib\site-packages\starlette\_exception_handler.py", line 53, in wrapped_app
    raise exc
  File "C:\Users\xlooo\AppData\Local\Programs\Python\Python311\Lib\site-packages\starlette\_exception_handler.py", line 42, in wrapped_app
    await app(scope, receive, sender)
  File "C:\Users\xlooo\AppData\Local\Programs\Python\Python311\Lib\site-packages\fastapi\routing.py", line 120, in app
    response = await f(request)
               ^^^^^^^^^^^^^^^^
  File "C:\Users\xlooo\AppData\Local\Programs\Python\Python311\Lib\site-packages\fastapi\routing.py", line 674, in app
    raw_response = await run_endpoint_function(
                   ^^^^^^^^^^^^^^^^^^^^^^^^^^^^
  File "C:\Users\xlooo\AppData\Local\Programs\Python\Python311\Lib\site-packages\fastapi\routing.py", line 328, in run_endpoint_function
    return await dependant.call(**values)
           ^^^^^^^^^^^^^^^^^^^^^^^^^^^^^^
  File "c:\Users\xlooo\OneDrive\Desktop\face_recognition_Python\simple_camera\api\attendance.py", line 20, in list_attendance
    return await request.app.state.attendance_service.list_attendance(
                 ^^^^^^^^^^^^^^^^^^^^^^^^^^^^^^^^^^^^^^^^^^^^^^^^^^^^^
TypeError: AttendanceService.list_attendance() got an unexpected keyword argument 'etsAuth'
2026-08-05 01:57:04,831 | ERROR | MainProcess:36868 | camera.camera_process_manager | Failed to create attendance
Traceback (most recent call last):
  File "c:\Users\xlooo\OneDrive\Desktop\face_recognition_Python\simple_camera\camera\camera_process_manager.py", line 297, in _consume_attendance
    result = await (
             ^^^^^^^
  File "c:\Users\xlooo\OneDrive\Desktop\face_recognition_Python\simple_camera\service\attendance_service.py", line 114, in record_attendance_if_allowed
    await self.should_create_attendance(
  File "c:\Users\xlooo\OneDrive\Desktop\face_recognition_Python\simple_camera\service\attendance_service.py", line 68, in should_create_attendance
    or confidence < rule.recognitionThreshold
                    ^^^^^^^^^^^^^^^^^^^^^^^^^
AttributeError: 'NoneType' object has no attribute 'recognitionThreshold'
2026-08-05 01:57:06,435 | ERROR | MainProcess:36868 | camera.camera_process_manager | Failed to create attendance
Traceback (most recent call last):
  File "c:\Users\xlooo\OneDrive\Desktop\face_recognition_Python\simple_camera\camera\camera_process_manager.py", line 297, in _consume_attendance
    result = await (
             ^^^^^^^
  File "c:\Users\xlooo\OneDrive\Desktop\face_recognition_Python\simple_camera\service\attendance_service.py", line 114, in record_attendance_if_allowed
    await self.should_create_attendance(
  File "c:\Users\xlooo\OneDrive\Desktop\face_recognition_Python\simple_camera\service\attendance_service.py", line 68, in should_create_attendance
    or confidence < rule.recognitionThreshold
                    ^^^^^^^^^^^^^^^^^^^^^^^^^
AttributeError: 'NoneType' object has no attribute 'recognitionThreshold'
2026-08-05 12:12:17,909 | ERROR | MainProcess:3344 | camera.camera_process_manager | Failed to create attendance
Traceback (most recent call last):
  File "c:\Users\dev-7\Desktop\face_recognition_Python\simple_camera\camera\camera_process_manager.py", line 297, in _consume_attendance
    result = await (
  File "c:\Users\dev-7\Desktop\face_recognition_Python\simple_camera\service\attendance_service.py", line 198, in record_attendance_if_allowed
    minimum_score = float(rule.minimumScore)
  File "C:\Users\dev-7\AppData\Local\Programs\Python\Python310\lib\site-packages\pydantic\main.py", line 1042, in __getattr__
    raise AttributeError(f'{type(self).__name__!r} object has no attribute {item!r}')
AttributeError: 'AttendanceRules' object has no attribute 'minimumScore'
2026-08-05 12:12:17,918 | ERROR | MainProcess:3344 | camera.camera_process_manager | Failed to create attendance
Traceback (most recent call last):
  File "c:\Users\dev-7\Desktop\face_recognition_Python\simple_camera\camera\camera_process_manager.py", line 297, in _consume_attendance
    result = await (
  File "c:\Users\dev-7\Desktop\face_recognition_Python\simple_camera\service\attendance_service.py", line 198, in record_attendance_if_allowed
    minimum_score = float(rule.minimumScore)
  File "C:\Users\dev-7\AppData\Local\Programs\Python\Python310\lib\site-packages\pydantic\main.py", line 1042, in __getattr__
    raise AttributeError(f'{type(self).__name__!r} object has no attribute {item!r}')
AttributeError: 'AttendanceRules' object has no attribute 'minimumScore'
2026-08-05 12:13:15,779 | ERROR | MainProcess:3344 | camera.camera_process_manager | Failed to create attendance
Traceback (most recent call last):
  File "c:\Users\dev-7\Desktop\face_recognition_Python\simple_camera\camera\camera_process_manager.py", line 297, in _consume_attendance
    result = await (
  File "c:\Users\dev-7\Desktop\face_recognition_Python\simple_camera\service\attendance_service.py", line 198, in record_attendance_if_allowed
    minimum_score = float(rule.minimumScore)
  File "C:\Users\dev-7\AppData\Local\Programs\Python\Python310\lib\site-packages\pydantic\main.py", line 1042, in __getattr__
    raise AttributeError(f'{type(self).__name__!r} object has no attribute {item!r}')
AttributeError: 'AttendanceRules' object has no attribute 'minimumScore'
2026-08-05 12:13:15,805 | ERROR | MainProcess:3344 | camera.camera_process_manager | Failed to create attendance
Traceback (most recent call last):
  File "c:\Users\dev-7\Desktop\face_recognition_Python\simple_camera\camera\camera_process_manager.py", line 297, in _consume_attendance
    result = await (
  File "c:\Users\dev-7\Desktop\face_recognition_Python\simple_camera\service\attendance_service.py", line 198, in record_attendance_if_allowed
    minimum_score = float(rule.minimumScore)
  File "C:\Users\dev-7\AppData\Local\Programs\Python\Python310\lib\site-packages\pydantic\main.py", line 1042, in __getattr__
    raise AttributeError(f'{type(self).__name__!r} object has no attribute {item!r}')
AttributeError: 'AttendanceRules' object has no attribute 'minimumScore'
2026-08-05 17:00:32,025 | ERROR | camera-CAM_Juniv:5100 | camera.camera_worker | Camera CAM_Juniv worker failed
Traceback (most recent call last):
  File "c:\Users\dev-7\Desktop\face_recognition_Python\simple_camera\camera\camera_worker.py", line 93, in read_camera
    print(fire_position)
UnboundLocalError: local variable 'fire_position' referenced before assignment
2026-08-05 17:00:38,962 | ERROR | camera-CAM_Juniv301:14780 | camera.camera_worker | Camera CAM_Juniv301 worker failed
Traceback (most recent call last):
  File "c:\Users\dev-7\Desktop\face_recognition_Python\simple_camera\camera\camera_worker.py", line 93, in read_camera
    print(fire_position)
UnboundLocalError: local variable 'fire_position' referenced before assignment
2026-08-05 17:03:54,918 | ERROR | camera-CAM_Juniv:16868 | camera.camera_worker | Camera CAM_Juniv worker failed
Traceback (most recent call last):
  File "c:\Users\dev-7\Desktop\face_recognition_Python\simple_camera\camera\camera_worker.py", line 93, in read_camera
    print(fire_position)
UnboundLocalError: local variable 'fire_position' referenced before assignment
2026-08-05 17:04:01,755 | ERROR | camera-CAM_Juniv301:16880 | camera.camera_worker | Camera CAM_Juniv301 worker failed
Traceback (most recent call last):
  File "c:\Users\dev-7\Desktop\face_recognition_Python\simple_camera\camera\camera_worker.py", line 93, in read_camera
    print(fire_position)
UnboundLocalError: local variable 'fire_position' referenced before assignment
2026-08-05 17:13:17,676 | ERROR | camera-CAM_Juniv:19308 | camera.camera_worker | Camera CAM_Juniv worker failed
Traceback (most recent call last):
  File "c:\Users\dev-7\Desktop\face_recognition_Python\simple_camera\camera\camera_worker.py", line 93, in read_camera
    fire_position = fire_module.detect_frame(frame)
  File "c:\Users\dev-7\Desktop\face_recognition_Python\simple_camera\service\fire_detection_service.py", line 28, in detect_frame
    model = self._load_model()
  File "c:\Users\dev-7\Desktop\face_recognition_Python\simple_camera\service\fire_detection_service.py", line 69, in _load_model
    self._model = YOLO(
TypeError: YOLO.__init__() got an unexpected keyword argument 'stream'
2026-08-05 17:13:24,424 | ERROR | camera-CAM_Juniv301:16484 | camera.camera_worker | Camera CAM_Juniv301 worker failed
Traceback (most recent call last):
  File "c:\Users\dev-7\Desktop\face_recognition_Python\simple_camera\camera\camera_worker.py", line 93, in read_camera
    fire_position = fire_module.detect_frame(frame)
  File "c:\Users\dev-7\Desktop\face_recognition_Python\simple_camera\service\fire_detection_service.py", line 28, in detect_frame
    model = self._load_model()
  File "c:\Users\dev-7\Desktop\face_recognition_Python\simple_camera\service\fire_detection_service.py", line 69, in _load_model
    self._model = YOLO(
TypeError: YOLO.__init__() got an unexpected keyword argument 'stream'
2026-08-05 18:41:44,357 | ERROR | camera-CAM_Juniv:5608 | camera.camera_worker | Camera CAM_Juniv worker failed
Traceback (most recent call last):
  File "c:\Users\dev-7\Desktop\face_recognition_Python\simple_camera\camera\camera_worker.py", line 99, in read_camera
    cv2.putText(frame, f'Fire', [x1 + 8, y1 + 100],
cv2.error: OpenCV(4.13.0) :-1: error: (-5:Bad argument) in function 'putText'
> Overload resolution failed:
>  - putText() missing required argument 'fontFace' (pos 4)
>  - putText() missing required argument 'fontFace' (pos 4)

2026-08-05 18:41:44,633 | ERROR | camera-CAM_Juniv301:12868 | camera.camera_worker | Camera CAM_Juniv301 worker failed
Traceback (most recent call last):
  File "c:\Users\dev-7\Desktop\face_recognition_Python\simple_camera\camera\camera_worker.py", line 99, in read_camera
    cv2.putText(frame, f'Fire', [x1 + 8, y1 + 100],
cv2.error: OpenCV(4.13.0) :-1: error: (-5:Bad argument) in function 'putText'
> Overload resolution failed:
>  - putText() missing required argument 'fontFace' (pos 4)
>  - putText() missing required argument 'fontFace' (pos 4)

2026-08-05 18:43:23,588 | ERROR | camera-CAM_Juniv:18900 | camera.camera_worker | Camera CAM_Juniv worker failed
Traceback (most recent call last):
  File "c:\Users\dev-7\Desktop\face_recognition_Python\simple_camera\camera\camera_worker.py", line 94, in read_camera
    if fire_detection != None:
UnboundLocalError: local variable 'fire_detection' referenced before assignment
2026-08-05 18:43:31,269 | ERROR | camera-CAM_Juniv301:19192 | camera.camera_worker | Camera CAM_Juniv301 worker failed
Traceback (most recent call last):
  File "c:\Users\dev-7\Desktop\face_recognition_Python\simple_camera\camera\camera_worker.py", line 94, in read_camera
    if fire_detection != None:
UnboundLocalError: local variable 'fire_detection' referenced before assignment
2026-08-05 19:25:55,550 | ERROR | camera-CAM_Juniv:15432 | camera.camera_worker | Camera CAM_Juniv worker failed
Traceback (most recent call last):
  File "c:\Users\dev-7\Desktop\face_recognition_Python\simple_camera\camera\camera_worker.py", line 143, in read_camera
    settings.default_recognition_threshold,
  File "C:\Users\dev-7\AppData\Local\Programs\Python\Python310\lib\site-packages\pydantic\main.py", line 1042, in __getattr__
    raise AttributeError(f'{type(self).__name__!r} object has no attribute {item!r}')
AttributeError: 'Settings' object has no attribute 'default_recognition_threshold'
2026-08-05 19:25:56,708 | ERROR | camera-CAM_Juniv301:15640 | camera.camera_worker | Camera CAM_Juniv301 worker failed
Traceback (most recent call last):
  File "c:\Users\dev-7\Desktop\face_recognition_Python\simple_camera\camera\camera_worker.py", line 143, in read_camera
    settings.default_recognition_threshold,
  File "C:\Users\dev-7\AppData\Local\Programs\Python\Python310\lib\site-packages\pydantic\main.py", line 1042, in __getattr__
    raise AttributeError(f'{type(self).__name__!r} object has no attribute {item!r}')
AttributeError: 'Settings' object has no attribute 'default_recognition_threshold'
